// Jest Snapshot v1, https://goo.gl/fbAQLP

exports[`App component should render self 1`] = `ShallowWrapper {}`;
